// Jest Snapshot v1, https://goo.gl/fbAQLP

exports[`components/Main should render properly 1`] = `
.c0 {
  background: #fafef0;
  text-align: center;
}

<main
  class="c0"
>
  <h1>
    main component
  </h1>
</main>
`;
